## ComfyUI-Manager: installing dependencies done.
[2025-02-07 14:15] ** ComfyUI startup time: 2025-02-07 14:15:23.767261
[2025-02-07 14:15] ** Platform: Windows
[2025-02-07 14:15] ** Python version: 3.10.11 (tags/v3.10.11:7d4cc5a, Apr  5 2023, 00:38:17) [MSC v.1929 64 bit (AMD64)]
[2025-02-07 14:15] ** Python executable: C:\001-code\001-gcai\python\python.exe
[2025-02-07 14:15] ** ComfyUI Path: C:\001-code\001-gcai
[2025-02-07 14:15] ** Log path: C:\001-code\001-gcai\comfyui.log
[2025-02-07 14:15] 
Prestartup times for custom nodes:
[2025-02-07 14:15]    0.0 seconds: C:\001-code\001-gcai\custom_nodes\ComfyUI-Marigold
[2025-02-07 14:15]    0.0 seconds: C:\001-code\001-gcai\custom_nodes\rgthree-comfy
[2025-02-07 14:15]    1.3 seconds: C:\001-code\001-gcai\custom_nodes\ComfyUI-Manager
[2025-02-07 14:15] 
Total VRAM 24564 MB, total RAM 32579 MB
[2025-02-07 14:15] pytorch version: 2.3.1+cu121
[2025-02-07 14:15] xformers version: 0.0.27
[2025-02-07 14:15] Set vram state to: NORMAL_VRAM
[2025-02-07 14:15] Device: cuda:0 NVIDIA GeForce RTX 4090 D : cudaMallocAsync
[2025-02-07 14:15] Using xformers cross attention
[2025-02-07 14:15] [Prompt Server] web root: C:\001-code\001-gcai\web
[2025-02-07 14:15] [Crystools [0;32mINFO[0m] Crystools version: 1.16.6
[2025-02-07 14:15] [Crystools [0;32mINFO[0m] CPU: 13th Gen Intel(R) Core(TM) i5-13600KF - Arch: AMD64 - OS: Windows 10
[2025-02-07 14:15] [Crystools [0;32mINFO[0m] Pynvml (Nvidia) initialized.
[2025-02-07 14:15] [Crystools [0;32mINFO[0m] GPU/s:
[2025-02-07 14:15] [Crystools [0;32mINFO[0m] 0) NVIDIA GeForce RTX 4090 D
[2025-02-07 14:15] [Crystools [0;32mINFO[0m] NVIDIA Driver: 560.94
[2025-02-07 14:15] ### Loading: ComfyUI-Impact-Pack (V7.4)
[2025-02-07 14:15] [WARN] ComfyUI-Impact-Pack: custom_wildcards path not found: C:\aki\AAPACKING\ComfyUI-aki-v1.3\custom_nodes\ComfyUI-Impact-Pack\modules\impact\..\..\custom_wildcards. Using default path.
[2025-02-07 14:15] ### Loading: ComfyUI-Impact-Pack (Subpack: V0.6)
[2025-02-07 14:15] [Impact Pack] Wildcards loading done.
[2025-02-07 14:15] ### Loading: ComfyUI-Inspire-Pack (V1.0)
[2025-02-07 14:15] Total VRAM 24564 MB, total RAM 32579 MB
[2025-02-07 14:15] pytorch version: 2.3.1+cu121
[2025-02-07 14:15] xformers version: 0.0.27
[2025-02-07 14:15] Set vram state to: NORMAL_VRAM
[2025-02-07 14:15] Device: cuda:0 NVIDIA GeForce RTX 4090 D : cudaMallocAsync
[2025-02-07 14:15] ### Loading: ComfyUI-Manager (V2.50.3)
[2025-02-07 14:15] ### ComfyUI Revision: 2641 on 'gcai' [a89e8a67] | Released on '2025-02-06'
[2025-02-07 14:15] C:\001-code\001-gcai\python\lib\site-packages\diffusers\models\transformers\transformer_2d.py:34: FutureWarning: `Transformer2DModelOutput` is deprecated and will be removed in version 1.0.0. Importing `Transformer2DModelOutput` from `diffusers.models.transformer_2d` is deprecated and this will be removed in a future version. Please use `from diffusers.models.modeling_outputs import Transformer2DModelOutput`, instead.
  deprecate("Transformer2DModelOutput", "1.0.0", deprecation_message)
[2025-02-07 14:15] (pysssss:WD14Tagger) [DEBUG] Available ORT providers: TensorrtExecutionProvider, CUDAExecutionProvider, CPUExecutionProvider
[2025-02-07 14:15] (pysssss:WD14Tagger) [DEBUG] Using ORT providers: CUDAExecutionProvider, CPUExecutionProvider
[2025-02-07 14:15] Workspace manager - Openning file hash dict
[2025-02-07 14:15] 🦄🦄Loading: Workspace Manager (V2.1.0)
[2025-02-07 14:15] ------------------------------------------
[2025-02-07 14:15] [34mComfyroll Studio v1.76 : [92m 175 Nodes Loaded[0m
[2025-02-07 14:15] ------------------------------------------
[2025-02-07 14:15] ** For changes, please see patch notes at https://github.com/Suzie1/ComfyUI_Comfyroll_CustomNodes/blob/main/Patch_Notes.md
[2025-02-07 14:15] ** For help, please see the wiki at https://github.com/Suzie1/ComfyUI_Comfyroll_CustomNodes/wiki
[2025-02-07 14:15] ------------------------------------------
[2025-02-07 14:15] [36;20m[comfyui_controlnet_aux] | INFO -> Using ckpts path: C:\001-code\001-gcai\custom_nodes\comfyui_controlnet_aux\ckpts[0m
[2025-02-07 14:15] [36;20m[comfyui_controlnet_aux] | INFO -> Using symlinks: False[0m
[2025-02-07 14:15] [36;20m[comfyui_controlnet_aux] | INFO -> Using ort providers: ['CUDAExecutionProvider', 'DirectMLExecutionProvider', 'OpenVINOExecutionProvider', 'ROCMExecutionProvider', 'CPUExecutionProvider', 'CoreMLExecutionProvider'][0m
[2025-02-07 14:15] DWPose: Onnxruntime with acceleration providers detected
[2025-02-07 14:15] [1;35m### [START] ComfyUI AlekPet Nodes [1;34mv1.0.22[0m[1;35m ###[0m
[2025-02-07 14:15] [ComfyUI-Manager] default cache updated: https://raw.githubusercontent.com/ltdrdata/ComfyUI-Manager/main/model-list.json
[2025-02-07 14:15] [92mNode -> ArgosTranslateNode: [93mArgosTranslateCLIPTextEncodeNode, ArgosTranslateTextNode[0m [92m[Loading] [0m
[2025-02-07 14:15] [92mNode -> DeepTranslatorNode: [93mDeepTranslatorCLIPTextEncodeNode, DeepTranslatorTextNode[0m [92m[Loading] [0m
[2025-02-07 14:15] [92mNode -> GoogleTranslateNode: [93mGoogleTranslateCLIPTextEncodeNode, GoogleTranslateTextNode[0m [92m[Loading] [0m
[2025-02-07 14:15] [92mNode -> ExtrasNode: [93mPreviewTextNode, HexToHueNode, ColorsCorrectNode[0m [92m[Loading] [0m
[2025-02-07 14:15] [92mNode -> PoseNode: [93mPoseNode[0m [92m[Loading] [0m
[2025-02-07 14:15] [92mNode -> IDENode: [93mIDENode[0m [92m[Loading] [0m
[2025-02-07 14:15] [ComfyUI-Manager] default cache updated: https://raw.githubusercontent.com/ltdrdata/ComfyUI-Manager/main/alter-list.json
[2025-02-07 14:15] [92mNode -> PainterNode: [93mPainterNode[0m [92m[Loading] [0m
[2025-02-07 14:15] [1;35m### [END] ComfyUI AlekPet Nodes ###[0m
[2025-02-07 14:15] [34mFizzleDorf Custom Nodes: [92mLoaded[0m
[2025-02-07 14:15] [36mEfficiency Nodes:[0m Attempting to add Control Net options to the 'HiRes-Fix Script' Node (comfyui_controlnet_aux add-on)...[92mSuccess![0m
[2025-02-07 14:15] Patching UNetModel.forward
[2025-02-07 14:15] UNetModel.forward has been successfully patched.
[2025-02-07 14:15] [1;32m[Power Noise Suite]: 🦚🦚🦚 [93m[3mkweh..[0m 🦚🦚🦚
[2025-02-07 14:15] [1;32m[Power Noise Suite]:[0m Tamed [93m11[0m wild nodes.
[2025-02-07 14:15] 
[2025-02-07 14:15] [92m[rgthree] Loaded 42 fantastic nodes.[00m
[2025-02-07 14:15] [33m[rgthree] NOTE: Will NOT use rgthree's optimized recursive execution as ComfyUI has changed.[00m
[2025-02-07 14:15] 
[2025-02-07 14:15] 
Import times for custom nodes:
[2025-02-07 14:15]    0.0 seconds: C:\001-code\001-gcai\custom_nodes\websocket_image_save.py
[2025-02-07 14:15]    0.0 seconds: C:\001-code\001-gcai\custom_nodes\AIGODLIKE-ComfyUI-Translation
[2025-02-07 14:15]    0.0 seconds: C:\001-code\001-gcai\custom_nodes\ControlNet-LLLite-ComfyUI
[2025-02-07 14:15]    0.0 seconds: C:\001-code\001-gcai\custom_nodes\ComfyUI_TiledKSampler
[2025-02-07 14:15]    0.0 seconds: C:\001-code\001-gcai\custom_nodes\stability-ComfyUI-nodes
[2025-02-07 14:15]    0.0 seconds: C:\001-code\001-gcai\custom_nodes\FreeU_Advanced
[2025-02-07 14:15]    0.0 seconds: C:\001-code\001-gcai\custom_nodes\ComfyUI_experiments
[2025-02-07 14:15]    0.0 seconds: C:\001-code\001-gcai\custom_nodes\ComfyUI-WD14-Tagger
[2025-02-07 14:15]    0.0 seconds: C:\001-code\001-gcai\custom_nodes\PowerNoiseSuite
[2025-02-07 14:15]    0.0 seconds: C:\001-code\001-gcai\custom_nodes\images-grid-comfy-plugin
[2025-02-07 14:15]    0.0 seconds: C:\001-code\001-gcai\custom_nodes\ComfyUI_UltimateSDUpscale
[2025-02-07 14:15]    0.0 seconds: C:\001-code\001-gcai\custom_nodes\ComfyUI-Custom-Scripts
[2025-02-07 14:15]    0.0 seconds: C:\001-code\001-gcai\custom_nodes\Derfuu_ComfyUI_ModdedNodes
[2025-02-07 14:15]    0.0 seconds: C:\001-code\001-gcai\custom_nodes\ComfyUI-Advanced-ControlNet
[2025-02-07 14:15]    0.0 seconds: C:\001-code\001-gcai\custom_nodes\efficiency-nodes-comfyui
[2025-02-07 14:15]    0.0 seconds: C:\001-code\001-gcai\custom_nodes\rgthree-comfy
[2025-02-07 14:15]    0.0 seconds: C:\001-code\001-gcai\custom_nodes\ComfyUI_Comfyroll_CustomNodes
[2025-02-07 14:15]    0.0 seconds: C:\001-code\001-gcai\custom_nodes\ComfyUI_IPAdapter_plus
[2025-02-07 14:15]    0.0 seconds: C:\001-code\001-gcai\custom_nodes\ComfyUI-KJNodes
[2025-02-07 14:15]    0.0 seconds: C:\001-code\001-gcai\custom_nodes\ComfyUI-AnimateDiff-Evolved
[2025-02-07 14:15]    0.0 seconds: C:\001-code\001-gcai\custom_nodes\comfyui-workspace-manager
[2025-02-07 14:15]    0.0 seconds: C:\001-code\001-gcai\custom_nodes\comfyui_controlnet_aux
[2025-02-07 14:15]    0.0 seconds: C:\001-code\001-gcai\custom_nodes\ComfyUI-Inspire-Pack
[2025-02-07 14:15]    0.1 seconds: C:\001-code\001-gcai\custom_nodes\ComfyUI-Crystools
[2025-02-07 14:15]    0.1 seconds: C:\001-code\001-gcai\custom_nodes\ComfyUI_FizzNodes
[2025-02-07 14:15]    0.2 seconds: C:\001-code\001-gcai\custom_nodes\ComfyUI-Marigold
[2025-02-07 14:15]    0.3 seconds: C:\001-code\001-gcai\custom_nodes\ComfyUI-Manager
[2025-02-07 14:15]    1.2 seconds: C:\001-code\001-gcai\custom_nodes\ComfyUI_Custom_Nodes_AlekPet
[2025-02-07 14:15]    1.6 seconds: C:\001-code\001-gcai\custom_nodes\ComfyUI-Impact-Pack
[2025-02-07 14:15] 
[2025-02-07 14:15] Starting server

[2025-02-07 14:15] ------------------------------------更多AI工具，等待光彩AI更新-----------------------------------
[2025-02-07 14:15] -------------------光彩AI隔离环境【解压即用】、【不限机器】、【不限次数】、【离线运行】--------------
[2025-02-07 14:15] ------免责声明【不得用于任何非法活动。若因使用不当导致的法律责任，由使用者自行承担，与光彩AI无关】-----
[2025-02-07 14:15] ------------------版权声明【软件基于开源项目进行二次开发和优化，版权归光彩AI所有】-------------------
[2025-02-07 14:15] ---若您获取软件渠道不是光彩AI，并遇到需要额外付费的情况。请访问官方网址【www.gucai.ai】获取正版软件----
[2025-02-07 14:15] ----------------------------------------AI 应用服务已启动----------------------------------------
[2025-02-07 14:15] ----------------------------------------AI 应用服务已启动----------------------------------------
[2025-02-07 14:16] Exception in thread Thread-7 (<lambda>):
[2025-02-07 14:16] Traceback (most recent call last):
[2025-02-07 14:16]   File "C:\001-code\001-gcai\python\lib\threading.py", line 1016, in _bootstrap_inner
[2025-02-07 14:16]     self.run()
[2025-02-07 14:16]   File "C:\001-code\001-gcai\python\lib\threading.py", line 953, in run
[2025-02-07 14:16]     self._target(*self._args, **self._kwargs)
[2025-02-07 14:16]   File "C:\001-code\001-gcai\custom_nodes\ComfyUI-Manager\glob\manager_server.py", line 1343, in <lambda>
[2025-02-07 14:16]     threading.Thread(target=lambda: asyncio.run(default_cache_update())).start()
[2025-02-07 14:16]   File "C:\001-code\001-gcai\python\lib\asyncio\runners.py", line 44, in run
[2025-02-07 14:16]     return loop.run_until_complete(main)
[2025-02-07 14:16]   File "C:\001-code\001-gcai\python\lib\asyncio\base_events.py", line 649, in run_until_complete
[2025-02-07 14:16]     return future.result()
[2025-02-07 14:16]   File "C:\001-code\001-gcai\custom_nodes\ComfyUI-Manager\glob\manager_server.py", line 1340, in default_cache_update
[2025-02-07 14:16]     await asyncio.gather(a, b, c, d, e)
[2025-02-07 14:16]   File "C:\001-code\001-gcai\custom_nodes\ComfyUI-Manager\glob\manager_server.py", line 1327, in get_cache
[2025-02-07 14:16]     json_obj = await core.get_data(uri, True)
[2025-02-07 14:16]   File "C:\001-code\001-gcai\custom_nodes\ComfyUI-Manager\glob\manager_core.py", line 620, in get_data
[2025-02-07 14:16]     async with session.get(uri) as resp:
[2025-02-07 14:16]   File "C:\001-code\001-gcai\python\lib\site-packages\aiohttp\client.py", line 1141, in __aenter__
[2025-02-07 14:16]     self._resp = await self._coro
[2025-02-07 14:16]   File "C:\001-code\001-gcai\python\lib\site-packages\aiohttp\client.py", line 560, in _request
[2025-02-07 14:16]     await resp.start(conn)
[2025-02-07 14:16]   File "C:\001-code\001-gcai\python\lib\site-packages\aiohttp\client_reqrep.py", line 899, in start
[2025-02-07 14:16]     message, payload = await protocol.read()  # type: ignore[union-attr]
[2025-02-07 14:16]   File "C:\001-code\001-gcai\python\lib\site-packages\aiohttp\streams.py", line 616, in read
[2025-02-07 14:16]     await self._waiter
[2025-02-07 14:16] aiohttp.client_exceptions.ClientOSError: [WinError 121] 信号灯超时时间已到
[2025-02-07 14:16] got prompt
[2025-02-07 14:16] Using xformers attention in VAE
[2025-02-07 14:16] Using xformers attention in VAE
[2025-02-07 14:16] model weight dtype torch.float8_e4m3fn, manual cast: torch.bfloat16
[2025-02-07 14:16] model_type FLUX
[2025-02-07 14:16] lora key not loaded: lora_te1_text_model_encoder_layers_0_mlp_fc1.alpha
[2025-02-07 14:16] lora key not loaded: lora_te1_text_model_encoder_layers_0_mlp_fc1.lora_down.weight
[2025-02-07 14:16] lora key not loaded: lora_te1_text_model_encoder_layers_0_mlp_fc1.lora_up.weight
[2025-02-07 14:16] lora key not loaded: lora_te1_text_model_encoder_layers_0_mlp_fc2.alpha
[2025-02-07 14:16] lora key not loaded: lora_te1_text_model_encoder_layers_0_mlp_fc2.lora_down.weight
[2025-02-07 14:16] lora key not loaded: lora_te1_text_model_encoder_layers_0_mlp_fc2.lora_up.weight
[2025-02-07 14:16] lora key not loaded: lora_te1_text_model_encoder_layers_0_self_attn_k_proj.alpha
[2025-02-07 14:16] lora key not loaded: lora_te1_text_model_encoder_layers_0_self_attn_k_proj.lora_down.weight
[2025-02-07 14:16] lora key not loaded: lora_te1_text_model_encoder_layers_0_self_attn_k_proj.lora_up.weight
[2025-02-07 14:16] lora key not loaded: lora_te1_text_model_encoder_layers_0_self_attn_out_proj.alpha
[2025-02-07 14:16] lora key not loaded: lora_te1_text_model_encoder_layers_0_self_attn_out_proj.lora_down.weight
[2025-02-07 14:16] lora key not loaded: lora_te1_text_model_encoder_layers_0_self_attn_out_proj.lora_up.weight
[2025-02-07 14:16] lora key not loaded: lora_te1_text_model_encoder_layers_0_self_attn_q_proj.alpha
[2025-02-07 14:16] lora key not loaded: lora_te1_text_model_encoder_layers_0_self_attn_q_proj.lora_down.weight
[2025-02-07 14:16] lora key not loaded: lora_te1_text_model_encoder_layers_0_self_attn_q_proj.lora_up.weight
[2025-02-07 14:16] lora key not loaded: lora_te1_text_model_encoder_layers_0_self_attn_v_proj.alpha
[2025-02-07 14:16] lora key not loaded: lora_te1_text_model_encoder_layers_0_self_attn_v_proj.lora_down.weight
[2025-02-07 14:16] lora key not loaded: lora_te1_text_model_encoder_layers_0_self_attn_v_proj.lora_up.weight
[2025-02-07 14:16] lora key not loaded: lora_te1_text_model_encoder_layers_10_mlp_fc1.alpha
[2025-02-07 14:16] lora key not loaded: lora_te1_text_model_encoder_layers_10_mlp_fc1.lora_down.weight
[2025-02-07 14:16] lora key not loaded: lora_te1_text_model_encoder_layers_10_mlp_fc1.lora_up.weight
[2025-02-07 14:16] lora key not loaded: lora_te1_text_model_encoder_layers_10_mlp_fc2.alpha
[2025-02-07 14:16] lora key not loaded: lora_te1_text_model_encoder_layers_10_mlp_fc2.lora_down.weight
[2025-02-07 14:16] lora key not loaded: lora_te1_text_model_encoder_layers_10_mlp_fc2.lora_up.weight
[2025-02-07 14:16] lora key not loaded: lora_te1_text_model_encoder_layers_10_self_attn_k_proj.alpha
[2025-02-07 14:16] lora key not loaded: lora_te1_text_model_encoder_layers_10_self_attn_k_proj.lora_down.weight
[2025-02-07 14:16] lora key not loaded: lora_te1_text_model_encoder_layers_10_self_attn_k_proj.lora_up.weight
[2025-02-07 14:16] lora key not loaded: lora_te1_text_model_encoder_layers_10_self_attn_out_proj.alpha
[2025-02-07 14:16] lora key not loaded: lora_te1_text_model_encoder_layers_10_self_attn_out_proj.lora_down.weight
[2025-02-07 14:16] lora key not loaded: lora_te1_text_model_encoder_layers_10_self_attn_out_proj.lora_up.weight
[2025-02-07 14:16] lora key not loaded: lora_te1_text_model_encoder_layers_10_self_attn_q_proj.alpha
[2025-02-07 14:16] lora key not loaded: lora_te1_text_model_encoder_layers_10_self_attn_q_proj.lora_down.weight
[2025-02-07 14:16] lora key not loaded: lora_te1_text_model_encoder_layers_10_self_attn_q_proj.lora_up.weight
[2025-02-07 14:16] lora key not loaded: lora_te1_text_model_encoder_layers_10_self_attn_v_proj.alpha
[2025-02-07 14:16] lora key not loaded: lora_te1_text_model_encoder_layers_10_self_attn_v_proj.lora_down.weight
[2025-02-07 14:16] lora key not loaded: lora_te1_text_model_encoder_layers_10_self_attn_v_proj.lora_up.weight
[2025-02-07 14:16] lora key not loaded: lora_te1_text_model_encoder_layers_11_mlp_fc1.alpha
[2025-02-07 14:16] lora key not loaded: lora_te1_text_model_encoder_layers_11_mlp_fc1.lora_down.weight
[2025-02-07 14:16] lora key not loaded: lora_te1_text_model_encoder_layers_11_mlp_fc1.lora_up.weight
[2025-02-07 14:16] lora key not loaded: lora_te1_text_model_encoder_layers_11_mlp_fc2.alpha
[2025-02-07 14:16] lora key not loaded: lora_te1_text_model_encoder_layers_11_mlp_fc2.lora_down.weight
[2025-02-07 14:16] lora key not loaded: lora_te1_text_model_encoder_layers_11_mlp_fc2.lora_up.weight
[2025-02-07 14:16] lora key not loaded: lora_te1_text_model_encoder_layers_11_self_attn_k_proj.alpha
[2025-02-07 14:16] lora key not loaded: lora_te1_text_model_encoder_layers_11_self_attn_k_proj.lora_down.weight
[2025-02-07 14:16] lora key not loaded: lora_te1_text_model_encoder_layers_11_self_attn_k_proj.lora_up.weight
[2025-02-07 14:16] lora key not loaded: lora_te1_text_model_encoder_layers_11_self_attn_out_proj.alpha
[2025-02-07 14:16] lora key not loaded: lora_te1_text_model_encoder_layers_11_self_attn_out_proj.lora_down.weight
[2025-02-07 14:16] lora key not loaded: lora_te1_text_model_encoder_layers_11_self_attn_out_proj.lora_up.weight
[2025-02-07 14:16] lora key not loaded: lora_te1_text_model_encoder_layers_11_self_attn_q_proj.alpha
[2025-02-07 14:16] lora key not loaded: lora_te1_text_model_encoder_layers_11_self_attn_q_proj.lora_down.weight
[2025-02-07 14:16] lora key not loaded: lora_te1_text_model_encoder_layers_11_self_attn_q_proj.lora_up.weight
[2025-02-07 14:16] lora key not loaded: lora_te1_text_model_encoder_layers_11_self_attn_v_proj.alpha
[2025-02-07 14:16] lora key not loaded: lora_te1_text_model_encoder_layers_11_self_attn_v_proj.lora_down.weight
[2025-02-07 14:16] lora key not loaded: lora_te1_text_model_encoder_layers_11_self_attn_v_proj.lora_up.weight
[2025-02-07 14:16] lora key not loaded: lora_te1_text_model_encoder_layers_1_mlp_fc1.alpha
[2025-02-07 14:16] lora key not loaded: lora_te1_text_model_encoder_layers_1_mlp_fc1.lora_down.weight
[2025-02-07 14:16] lora key not loaded: lora_te1_text_model_encoder_layers_1_mlp_fc1.lora_up.weight
[2025-02-07 14:16] lora key not loaded: lora_te1_text_model_encoder_layers_1_mlp_fc2.alpha
[2025-02-07 14:16] lora key not loaded: lora_te1_text_model_encoder_layers_1_mlp_fc2.lora_down.weight
[2025-02-07 14:16] lora key not loaded: lora_te1_text_model_encoder_layers_1_mlp_fc2.lora_up.weight
[2025-02-07 14:16] lora key not loaded: lora_te1_text_model_encoder_layers_1_self_attn_k_proj.alpha
[2025-02-07 14:16] lora key not loaded: lora_te1_text_model_encoder_layers_1_self_attn_k_proj.lora_down.weight
[2025-02-07 14:16] lora key not loaded: lora_te1_text_model_encoder_layers_1_self_attn_k_proj.lora_up.weight
[2025-02-07 14:16] lora key not loaded: lora_te1_text_model_encoder_layers_1_self_attn_out_proj.alpha
[2025-02-07 14:16] lora key not loaded: lora_te1_text_model_encoder_layers_1_self_attn_out_proj.lora_down.weight
[2025-02-07 14:16] lora key not loaded: lora_te1_text_model_encoder_layers_1_self_attn_out_proj.lora_up.weight
[2025-02-07 14:16] lora key not loaded: lora_te1_text_model_encoder_layers_1_self_attn_q_proj.alpha
[2025-02-07 14:16] lora key not loaded: lora_te1_text_model_encoder_layers_1_self_attn_q_proj.lora_down.weight
[2025-02-07 14:16] lora key not loaded: lora_te1_text_model_encoder_layers_1_self_attn_q_proj.lora_up.weight
[2025-02-07 14:16] lora key not loaded: lora_te1_text_model_encoder_layers_1_self_attn_v_proj.alpha
[2025-02-07 14:16] lora key not loaded: lora_te1_text_model_encoder_layers_1_self_attn_v_proj.lora_down.weight
[2025-02-07 14:16] lora key not loaded: lora_te1_text_model_encoder_layers_1_self_attn_v_proj.lora_up.weight
[2025-02-07 14:16] lora key not loaded: lora_te1_text_model_encoder_layers_2_mlp_fc1.alpha
[2025-02-07 14:16] lora key not loaded: lora_te1_text_model_encoder_layers_2_mlp_fc1.lora_down.weight
[2025-02-07 14:16] lora key not loaded: lora_te1_text_model_encoder_layers_2_mlp_fc1.lora_up.weight
[2025-02-07 14:16] lora key not loaded: lora_te1_text_model_encoder_layers_2_mlp_fc2.alpha
[2025-02-07 14:16] lora key not loaded: lora_te1_text_model_encoder_layers_2_mlp_fc2.lora_down.weight
[2025-02-07 14:16] lora key not loaded: lora_te1_text_model_encoder_layers_2_mlp_fc2.lora_up.weight
[2025-02-07 14:16] lora key not loaded: lora_te1_text_model_encoder_layers_2_self_attn_k_proj.alpha
[2025-02-07 14:16] lora key not loaded: lora_te1_text_model_encoder_layers_2_self_attn_k_proj.lora_down.weight
[2025-02-07 14:16] lora key not loaded: lora_te1_text_model_encoder_layers_2_self_attn_k_proj.lora_up.weight
[2025-02-07 14:16] lora key not loaded: lora_te1_text_model_encoder_layers_2_self_attn_out_proj.alpha
[2025-02-07 14:16] lora key not loaded: lora_te1_text_model_encoder_layers_2_self_attn_out_proj.lora_down.weight
[2025-02-07 14:16] lora key not loaded: lora_te1_text_model_encoder_layers_2_self_attn_out_proj.lora_up.weight
[2025-02-07 14:16] lora key not loaded: lora_te1_text_model_encoder_layers_2_self_attn_q_proj.alpha
[2025-02-07 14:16] lora key not loaded: lora_te1_text_model_encoder_layers_2_self_attn_q_proj.lora_down.weight
[2025-02-07 14:16] lora key not loaded: lora_te1_text_model_encoder_layers_2_self_attn_q_proj.lora_up.weight
[2025-02-07 14:16] lora key not loaded: lora_te1_text_model_encoder_layers_2_self_attn_v_proj.alpha
[2025-02-07 14:16] lora key not loaded: lora_te1_text_model_encoder_layers_2_self_attn_v_proj.lora_down.weight
[2025-02-07 14:16] lora key not loaded: lora_te1_text_model_encoder_layers_2_self_attn_v_proj.lora_up.weight
[2025-02-07 14:16] lora key not loaded: lora_te1_text_model_encoder_layers_3_mlp_fc1.alpha
[2025-02-07 14:16] lora key not loaded: lora_te1_text_model_encoder_layers_3_mlp_fc1.lora_down.weight
[2025-02-07 14:16] lora key not loaded: lora_te1_text_model_encoder_layers_3_mlp_fc1.lora_up.weight
[2025-02-07 14:16] lora key not loaded: lora_te1_text_model_encoder_layers_3_mlp_fc2.alpha
[2025-02-07 14:16] lora key not loaded: lora_te1_text_model_encoder_layers_3_mlp_fc2.lora_down.weight
[2025-02-07 14:16] lora key not loaded: lora_te1_text_model_encoder_layers_3_mlp_fc2.lora_up.weight
[2025-02-07 14:16] lora key not loaded: lora_te1_text_model_encoder_layers_3_self_attn_k_proj.alpha
[2025-02-07 14:16] lora key not loaded: lora_te1_text_model_encoder_layers_3_self_attn_k_proj.lora_down.weight
[2025-02-07 14:16] lora key not loaded: lora_te1_text_model_encoder_layers_3_self_attn_k_proj.lora_up.weight
[2025-02-07 14:16] lora key not loaded: lora_te1_text_model_encoder_layers_3_self_attn_out_proj.alpha
[2025-02-07 14:16] lora key not loaded: lora_te1_text_model_encoder_layers_3_self_attn_out_proj.lora_down.weight
[2025-02-07 14:16] lora key not loaded: lora_te1_text_model_encoder_layers_3_self_attn_out_proj.lora_up.weight
[2025-02-07 14:16] lora key not loaded: lora_te1_text_model_encoder_layers_3_self_attn_q_proj.alpha
[2025-02-07 14:16] lora key not loaded: lora_te1_text_model_encoder_layers_3_self_attn_q_proj.lora_down.weight
[2025-02-07 14:16] lora key not loaded: lora_te1_text_model_encoder_layers_3_self_attn_q_proj.lora_up.weight
[2025-02-07 14:16] lora key not loaded: lora_te1_text_model_encoder_layers_3_self_attn_v_proj.alpha
[2025-02-07 14:16] lora key not loaded: lora_te1_text_model_encoder_layers_3_self_attn_v_proj.lora_down.weight
[2025-02-07 14:16] lora key not loaded: lora_te1_text_model_encoder_layers_3_self_attn_v_proj.lora_up.weight
[2025-02-07 14:16] lora key not loaded: lora_te1_text_model_encoder_layers_4_mlp_fc1.alpha
[2025-02-07 14:16] lora key not loaded: lora_te1_text_model_encoder_layers_4_mlp_fc1.lora_down.weight
[2025-02-07 14:16] lora key not loaded: lora_te1_text_model_encoder_layers_4_mlp_fc1.lora_up.weight
[2025-02-07 14:16] lora key not loaded: lora_te1_text_model_encoder_layers_4_mlp_fc2.alpha
[2025-02-07 14:16] lora key not loaded: lora_te1_text_model_encoder_layers_4_mlp_fc2.lora_down.weight
[2025-02-07 14:16] lora key not loaded: lora_te1_text_model_encoder_layers_4_mlp_fc2.lora_up.weight
[2025-02-07 14:16] lora key not loaded: lora_te1_text_model_encoder_layers_4_self_attn_k_proj.alpha
[2025-02-07 14:16] lora key not loaded: lora_te1_text_model_encoder_layers_4_self_attn_k_proj.lora_down.weight
[2025-02-07 14:16] lora key not loaded: lora_te1_text_model_encoder_layers_4_self_attn_k_proj.lora_up.weight
[2025-02-07 14:16] lora key not loaded: lora_te1_text_model_encoder_layers_4_self_attn_out_proj.alpha
[2025-02-07 14:16] lora key not loaded: lora_te1_text_model_encoder_layers_4_self_attn_out_proj.lora_down.weight
[2025-02-07 14:16] lora key not loaded: lora_te1_text_model_encoder_layers_4_self_attn_out_proj.lora_up.weight
[2025-02-07 14:16] lora key not loaded: lora_te1_text_model_encoder_layers_4_self_attn_q_proj.alpha
[2025-02-07 14:16] lora key not loaded: lora_te1_text_model_encoder_layers_4_self_attn_q_proj.lora_down.weight
[2025-02-07 14:16] lora key not loaded: lora_te1_text_model_encoder_layers_4_self_attn_q_proj.lora_up.weight
[2025-02-07 14:16] lora key not loaded: lora_te1_text_model_encoder_layers_4_self_attn_v_proj.alpha
[2025-02-07 14:16] lora key not loaded: lora_te1_text_model_encoder_layers_4_self_attn_v_proj.lora_down.weight
[2025-02-07 14:16] lora key not loaded: lora_te1_text_model_encoder_layers_4_self_attn_v_proj.lora_up.weight
[2025-02-07 14:16] lora key not loaded: lora_te1_text_model_encoder_layers_5_mlp_fc1.alpha
[2025-02-07 14:16] lora key not loaded: lora_te1_text_model_encoder_layers_5_mlp_fc1.lora_down.weight
[2025-02-07 14:16] lora key not loaded: lora_te1_text_model_encoder_layers_5_mlp_fc1.lora_up.weight
[2025-02-07 14:16] lora key not loaded: lora_te1_text_model_encoder_layers_5_mlp_fc2.alpha
[2025-02-07 14:16] lora key not loaded: lora_te1_text_model_encoder_layers_5_mlp_fc2.lora_down.weight
[2025-02-07 14:16] lora key not loaded: lora_te1_text_model_encoder_layers_5_mlp_fc2.lora_up.weight
[2025-02-07 14:16] lora key not loaded: lora_te1_text_model_encoder_layers_5_self_attn_k_proj.alpha
[2025-02-07 14:16] lora key not loaded: lora_te1_text_model_encoder_layers_5_self_attn_k_proj.lora_down.weight
[2025-02-07 14:16] lora key not loaded: lora_te1_text_model_encoder_layers_5_self_attn_k_proj.lora_up.weight
[2025-02-07 14:16] lora key not loaded: lora_te1_text_model_encoder_layers_5_self_attn_out_proj.alpha
[2025-02-07 14:16] lora key not loaded: lora_te1_text_model_encoder_layers_5_self_attn_out_proj.lora_down.weight
[2025-02-07 14:16] lora key not loaded: lora_te1_text_model_encoder_layers_5_self_attn_out_proj.lora_up.weight
[2025-02-07 14:16] lora key not loaded: lora_te1_text_model_encoder_layers_5_self_attn_q_proj.alpha
[2025-02-07 14:16] lora key not loaded: lora_te1_text_model_encoder_layers_5_self_attn_q_proj.lora_down.weight
[2025-02-07 14:16] lora key not loaded: lora_te1_text_model_encoder_layers_5_self_attn_q_proj.lora_up.weight
[2025-02-07 14:16] lora key not loaded: lora_te1_text_model_encoder_layers_5_self_attn_v_proj.alpha
[2025-02-07 14:16] lora key not loaded: lora_te1_text_model_encoder_layers_5_self_attn_v_proj.lora_down.weight
[2025-02-07 14:16] lora key not loaded: lora_te1_text_model_encoder_layers_5_self_attn_v_proj.lora_up.weight
[2025-02-07 14:16] lora key not loaded: lora_te1_text_model_encoder_layers_6_mlp_fc1.alpha
[2025-02-07 14:16] lora key not loaded: lora_te1_text_model_encoder_layers_6_mlp_fc1.lora_down.weight
[2025-02-07 14:16] lora key not loaded: lora_te1_text_model_encoder_layers_6_mlp_fc1.lora_up.weight
[2025-02-07 14:16] lora key not loaded: lora_te1_text_model_encoder_layers_6_mlp_fc2.alpha
[2025-02-07 14:16] lora key not loaded: lora_te1_text_model_encoder_layers_6_mlp_fc2.lora_down.weight
[2025-02-07 14:16] lora key not loaded: lora_te1_text_model_encoder_layers_6_mlp_fc2.lora_up.weight
[2025-02-07 14:16] lora key not loaded: lora_te1_text_model_encoder_layers_6_self_attn_k_proj.alpha
[2025-02-07 14:16] lora key not loaded: lora_te1_text_model_encoder_layers_6_self_attn_k_proj.lora_down.weight
[2025-02-07 14:16] lora key not loaded: lora_te1_text_model_encoder_layers_6_self_attn_k_proj.lora_up.weight
[2025-02-07 14:16] lora key not loaded: lora_te1_text_model_encoder_layers_6_self_attn_out_proj.alpha
[2025-02-07 14:16] lora key not loaded: lora_te1_text_model_encoder_layers_6_self_attn_out_proj.lora_down.weight
[2025-02-07 14:16] lora key not loaded: lora_te1_text_model_encoder_layers_6_self_attn_out_proj.lora_up.weight
[2025-02-07 14:16] lora key not loaded: lora_te1_text_model_encoder_layers_6_self_attn_q_proj.alpha
[2025-02-07 14:16] lora key not loaded: lora_te1_text_model_encoder_layers_6_self_attn_q_proj.lora_down.weight
[2025-02-07 14:16] lora key not loaded: lora_te1_text_model_encoder_layers_6_self_attn_q_proj.lora_up.weight
[2025-02-07 14:16] lora key not loaded: lora_te1_text_model_encoder_layers_6_self_attn_v_proj.alpha
[2025-02-07 14:16] lora key not loaded: lora_te1_text_model_encoder_layers_6_self_attn_v_proj.lora_down.weight
[2025-02-07 14:16] lora key not loaded: lora_te1_text_model_encoder_layers_6_self_attn_v_proj.lora_up.weight
[2025-02-07 14:16] lora key not loaded: lora_te1_text_model_encoder_layers_7_mlp_fc1.alpha
[2025-02-07 14:16] lora key not loaded: lora_te1_text_model_encoder_layers_7_mlp_fc1.lora_down.weight
[2025-02-07 14:16] lora key not loaded: lora_te1_text_model_encoder_layers_7_mlp_fc1.lora_up.weight
[2025-02-07 14:16] lora key not loaded: lora_te1_text_model_encoder_layers_7_mlp_fc2.alpha
[2025-02-07 14:16] lora key not loaded: lora_te1_text_model_encoder_layers_7_mlp_fc2.lora_down.weight
[2025-02-07 14:16] lora key not loaded: lora_te1_text_model_encoder_layers_7_mlp_fc2.lora_up.weight
[2025-02-07 14:16] lora key not loaded: lora_te1_text_model_encoder_layers_7_self_attn_k_proj.alpha
[2025-02-07 14:16] lora key not loaded: lora_te1_text_model_encoder_layers_7_self_attn_k_proj.lora_down.weight
[2025-02-07 14:16] lora key not loaded: lora_te1_text_model_encoder_layers_7_self_attn_k_proj.lora_up.weight
[2025-02-07 14:16] lora key not loaded: lora_te1_text_model_encoder_layers_7_self_attn_out_proj.alpha
[2025-02-07 14:16] lora key not loaded: lora_te1_text_model_encoder_layers_7_self_attn_out_proj.lora_down.weight
[2025-02-07 14:16] lora key not loaded: lora_te1_text_model_encoder_layers_7_self_attn_out_proj.lora_up.weight
[2025-02-07 14:16] lora key not loaded: lora_te1_text_model_encoder_layers_7_self_attn_q_proj.alpha
[2025-02-07 14:16] lora key not loaded: lora_te1_text_model_encoder_layers_7_self_attn_q_proj.lora_down.weight
[2025-02-07 14:16] lora key not loaded: lora_te1_text_model_encoder_layers_7_self_attn_q_proj.lora_up.weight
[2025-02-07 14:16] lora key not loaded: lora_te1_text_model_encoder_layers_7_self_attn_v_proj.alpha
[2025-02-07 14:16] lora key not loaded: lora_te1_text_model_encoder_layers_7_self_attn_v_proj.lora_down.weight
[2025-02-07 14:16] lora key not loaded: lora_te1_text_model_encoder_layers_7_self_attn_v_proj.lora_up.weight
[2025-02-07 14:16] lora key not loaded: lora_te1_text_model_encoder_layers_8_mlp_fc1.alpha
[2025-02-07 14:16] lora key not loaded: lora_te1_text_model_encoder_layers_8_mlp_fc1.lora_down.weight
[2025-02-07 14:16] lora key not loaded: lora_te1_text_model_encoder_layers_8_mlp_fc1.lora_up.weight
[2025-02-07 14:16] lora key not loaded: lora_te1_text_model_encoder_layers_8_mlp_fc2.alpha
[2025-02-07 14:16] lora key not loaded: lora_te1_text_model_encoder_layers_8_mlp_fc2.lora_down.weight
[2025-02-07 14:16] lora key not loaded: lora_te1_text_model_encoder_layers_8_mlp_fc2.lora_up.weight
[2025-02-07 14:16] lora key not loaded: lora_te1_text_model_encoder_layers_8_self_attn_k_proj.alpha
[2025-02-07 14:16] lora key not loaded: lora_te1_text_model_encoder_layers_8_self_attn_k_proj.lora_down.weight
[2025-02-07 14:16] lora key not loaded: lora_te1_text_model_encoder_layers_8_self_attn_k_proj.lora_up.weight
[2025-02-07 14:16] lora key not loaded: lora_te1_text_model_encoder_layers_8_self_attn_out_proj.alpha
[2025-02-07 14:16] lora key not loaded: lora_te1_text_model_encoder_layers_8_self_attn_out_proj.lora_down.weight
[2025-02-07 14:16] lora key not loaded: lora_te1_text_model_encoder_layers_8_self_attn_out_proj.lora_up.weight
[2025-02-07 14:16] lora key not loaded: lora_te1_text_model_encoder_layers_8_self_attn_q_proj.alpha
[2025-02-07 14:16] lora key not loaded: lora_te1_text_model_encoder_layers_8_self_attn_q_proj.lora_down.weight
[2025-02-07 14:16] lora key not loaded: lora_te1_text_model_encoder_layers_8_self_attn_q_proj.lora_up.weight
[2025-02-07 14:16] lora key not loaded: lora_te1_text_model_encoder_layers_8_self_attn_v_proj.alpha
[2025-02-07 14:16] lora key not loaded: lora_te1_text_model_encoder_layers_8_self_attn_v_proj.lora_down.weight
[2025-02-07 14:16] lora key not loaded: lora_te1_text_model_encoder_layers_8_self_attn_v_proj.lora_up.weight
[2025-02-07 14:16] lora key not loaded: lora_te1_text_model_encoder_layers_9_mlp_fc1.alpha
[2025-02-07 14:16] lora key not loaded: lora_te1_text_model_encoder_layers_9_mlp_fc1.lora_down.weight
[2025-02-07 14:16] lora key not loaded: lora_te1_text_model_encoder_layers_9_mlp_fc1.lora_up.weight
[2025-02-07 14:16] lora key not loaded: lora_te1_text_model_encoder_layers_9_mlp_fc2.alpha
[2025-02-07 14:16] lora key not loaded: lora_te1_text_model_encoder_layers_9_mlp_fc2.lora_down.weight
[2025-02-07 14:16] lora key not loaded: lora_te1_text_model_encoder_layers_9_mlp_fc2.lora_up.weight
[2025-02-07 14:16] lora key not loaded: lora_te1_text_model_encoder_layers_9_self_attn_k_proj.alpha
[2025-02-07 14:16] lora key not loaded: lora_te1_text_model_encoder_layers_9_self_attn_k_proj.lora_down.weight
[2025-02-07 14:16] lora key not loaded: lora_te1_text_model_encoder_layers_9_self_attn_k_proj.lora_up.weight
[2025-02-07 14:16] lora key not loaded: lora_te1_text_model_encoder_layers_9_self_attn_out_proj.alpha
[2025-02-07 14:16] lora key not loaded: lora_te1_text_model_encoder_layers_9_self_attn_out_proj.lora_down.weight
[2025-02-07 14:16] lora key not loaded: lora_te1_text_model_encoder_layers_9_self_attn_out_proj.lora_up.weight
[2025-02-07 14:16] lora key not loaded: lora_te1_text_model_encoder_layers_9_self_attn_q_proj.alpha
[2025-02-07 14:16] lora key not loaded: lora_te1_text_model_encoder_layers_9_self_attn_q_proj.lora_down.weight
[2025-02-07 14:16] lora key not loaded: lora_te1_text_model_encoder_layers_9_self_attn_q_proj.lora_up.weight
[2025-02-07 14:16] lora key not loaded: lora_te1_text_model_encoder_layers_9_self_attn_v_proj.alpha
[2025-02-07 14:16] lora key not loaded: lora_te1_text_model_encoder_layers_9_self_attn_v_proj.lora_down.weight
[2025-02-07 14:16] lora key not loaded: lora_te1_text_model_encoder_layers_9_self_attn_v_proj.lora_up.weight
[2025-02-07 14:16] Requested to load FluxClipModel_
[2025-02-07 14:16] Loading 1 new model
[2025-02-07 14:16] loaded completely 0.0 4777.53759765625 True
[2025-02-07 14:16] clip missing: ['text_projection.weight']
[2025-02-07 14:17] Token indices sequence length is longer than the specified maximum sequence length for this model (120 > 77). Running this sequence through the model will result in indexing errors
[2025-02-07 14:17] C:\001-code\001-gcai\comfy\ldm\modules\attention.py:407: UserWarning: 1Torch was not compiled with flash attention. (Triggered internally at ..\aten\src\ATen\native\transformers\cuda\sdp_utils.cpp:455.)
  out = torch.nn.functional.scaled_dot_product_attention(q, k, v, attn_mask=mask, dropout_p=0.0, is_causal=False)
[2025-02-07 14:17] Requested to load Flux
[2025-02-07 14:17] Loading 1 new model
[2025-02-07 14:17] loaded completely 0.0 11350.048889160156 True
[2025-02-07 14:17] 100%|██████████| 20/20 [00:14<00:00,  1.34it/s]100%|██████████| 20/20 [00:14<00:00,  1.39it/s]
[2025-02-07 14:17] Requested to load AutoencodingEngine
[2025-02-07 14:17] Loading 1 new model
[2025-02-07 14:17] loaded completely 0.0 159.87335777282715 True
[2025-02-07 14:17] Prompt executed in 53.80 seconds
