## ComfyUI-Manager: installing dependencies done.
[2025-02-20 15:17] ** ComfyUI startup time: 2025-02-20 15:17:30.307992
[2025-02-20 15:17] ** Platform: Windows
[2025-02-20 15:17] ** Python version: 3.10.11 (tags/v3.10.11:7d4cc5a, Apr  5 2023, 00:38:17) [MSC v.1929 64 bit (AMD64)]
[2025-02-20 15:17] ** Python executable: C:\001-code\001-gcai\python\python.exe
[2025-02-20 15:17] ** ComfyUI Path: C:\001-code\001-gcai
[2025-02-20 15:17] ** Log path: C:\001-code\001-gcai\comfyui.log
[2025-02-20 15:17] 
Prestartup times for custom nodes:
[2025-02-20 15:17]    0.0 seconds: C:\001-code\001-gcai\custom_nodes\rgthree-comfy
[2025-02-20 15:17]    0.0 seconds: C:\001-code\001-gcai\custom_nodes\ComfyUI-Marigold
[2025-02-20 15:17]    1.6 seconds: C:\001-code\001-gcai\custom_nodes\ComfyUI-Manager
[2025-02-20 15:17] 
Total VRAM 24564 MB, total RAM 32581 MB
[2025-02-20 15:17] pytorch version: 2.3.1+cu121
[2025-02-20 15:17] xformers version: 0.0.27
[2025-02-20 15:17] Set vram state to: NORMAL_VRAM
[2025-02-20 15:17] Device: cuda:0 NVIDIA GeForce RTX 4090 D : cudaMallocAsync
[2025-02-20 15:17] Using xformers cross attention
[2025-02-20 15:17] [Prompt Server] web root: C:\001-code\001-gcai\web
[2025-02-20 15:17] [Crystools [0;32mINFO[0m] Crystools version: 1.16.6
[2025-02-20 15:17] [Crystools [0;32mINFO[0m] CPU: 13th Gen Intel(R) Core(TM) i5-13600KF - Arch: AMD64 - OS: Windows 10
[2025-02-20 15:17] [Crystools [0;32mINFO[0m] Pynvml (Nvidia) initialized.
[2025-02-20 15:17] [Crystools [0;32mINFO[0m] GPU/s:
[2025-02-20 15:17] [Crystools [0;32mINFO[0m] 0) NVIDIA GeForce RTX 4090 D
[2025-02-20 15:17] [Crystools [0;32mINFO[0m] NVIDIA Driver: 560.94
[2025-02-20 15:17] ### Loading: ComfyUI-Impact-Pack (V7.4)
[2025-02-20 15:17] [WARN] ComfyUI-Impact-Pack: custom_wildcards path not found: C:\aki\AAPACKING\ComfyUI-aki-v1.3\custom_nodes\ComfyUI-Impact-Pack\modules\impact\..\..\custom_wildcards. Using default path.
[2025-02-20 15:17] ### Loading: ComfyUI-Impact-Pack (Subpack: V0.6)
[2025-02-20 15:17] [Impact Pack] Wildcards loading done.
[2025-02-20 15:17] ### Loading: ComfyUI-Inspire-Pack (V1.0)
[2025-02-20 15:17] Total VRAM 24564 MB, total RAM 32581 MB
[2025-02-20 15:17] pytorch version: 2.3.1+cu121
[2025-02-20 15:17] xformers version: 0.0.27
[2025-02-20 15:17] Set vram state to: NORMAL_VRAM
[2025-02-20 15:17] Device: cuda:0 NVIDIA GeForce RTX 4090 D : cudaMallocAsync
[2025-02-20 15:17] ### Loading: ComfyUI-Manager (V2.50.3)
[2025-02-20 15:17] ### ComfyUI Revision: 2644 on 'gcai' [1e1381f6] | Released on '2025-02-19'
[2025-02-20 15:17] C:\001-code\001-gcai\python\lib\site-packages\diffusers\models\transformers\transformer_2d.py:34: FutureWarning: `Transformer2DModelOutput` is deprecated and will be removed in version 1.0.0. Importing `Transformer2DModelOutput` from `diffusers.models.transformer_2d` is deprecated and this will be removed in a future version. Please use `from diffusers.models.modeling_outputs import Transformer2DModelOutput`, instead.
  deprecate("Transformer2DModelOutput", "1.0.0", deprecation_message)
[2025-02-20 15:17] Workspace manager - Openning file hash dict
[2025-02-20 15:17] 🦄🦄Loading: Workspace Manager (V2.1.0)
[2025-02-20 15:17] ------------------------------------------
[2025-02-20 15:17] [34mComfyroll Studio v1.76 : [92m 175 Nodes Loaded[0m
[2025-02-20 15:17] ------------------------------------------
[2025-02-20 15:17] ** For changes, please see patch notes at https://github.com/Suzie1/ComfyUI_Comfyroll_CustomNodes/blob/main/Patch_Notes.md
[2025-02-20 15:17] ** For help, please see the wiki at https://github.com/Suzie1/ComfyUI_Comfyroll_CustomNodes/wiki
[2025-02-20 15:17] ------------------------------------------
[2025-02-20 15:17] [36;20m[comfyui_controlnet_aux] | INFO -> Using ckpts path: C:\001-code\001-gcai\custom_nodes\comfyui_controlnet_aux\ckpts[0m
[2025-02-20 15:17] [36;20m[comfyui_controlnet_aux] | INFO -> Using symlinks: False[0m
[2025-02-20 15:17] [36;20m[comfyui_controlnet_aux] | INFO -> Using ort providers: ['CUDAExecutionProvider', 'DirectMLExecutionProvider', 'OpenVINOExecutionProvider', 'ROCMExecutionProvider', 'CPUExecutionProvider', 'CoreMLExecutionProvider'][0m
[2025-02-20 15:17] DWPose: Onnxruntime with acceleration providers detected
[2025-02-20 15:17] [1;35m### [START] ComfyUI AlekPet Nodes [1;34mv1.0.22[0m[1;35m ###[0m
[2025-02-20 15:17] [ComfyUI-Manager] default cache updated: https://raw.githubusercontent.com/ltdrdata/ComfyUI-Manager/main/alter-list.json
[2025-02-20 15:17] [ComfyUI-Manager] default cache updated: https://raw.githubusercontent.com/ltdrdata/ComfyUI-Manager/main/model-list.json
[2025-02-20 15:17] [ComfyUI-Manager] default cache updated: https://raw.githubusercontent.com/ltdrdata/ComfyUI-Manager/main/github-stats.json
[2025-02-20 15:17] [ComfyUI-Manager] default cache updated: https://raw.githubusercontent.com/ltdrdata/ComfyUI-Manager/main/custom-node-list.json
[2025-02-20 15:17] [ComfyUI-Manager] default cache updated: https://raw.githubusercontent.com/ltdrdata/ComfyUI-Manager/main/extension-node-map.json
[2025-02-20 15:17] [92mNode -> ArgosTranslateNode: [93mArgosTranslateCLIPTextEncodeNode, ArgosTranslateTextNode[0m [92m[Loading] [0m
[2025-02-20 15:17] [92mNode -> DeepTranslatorNode: [93mDeepTranslatorCLIPTextEncodeNode, DeepTranslatorTextNode[0m [92m[Loading] [0m
[2025-02-20 15:17] [92mNode -> GoogleTranslateNode: [93mGoogleTranslateCLIPTextEncodeNode, GoogleTranslateTextNode[0m [92m[Loading] [0m
[2025-02-20 15:17] [92mNode -> ExtrasNode: [93mPreviewTextNode, HexToHueNode, ColorsCorrectNode[0m [92m[Loading] [0m
[2025-02-20 15:17] [92mNode -> PoseNode: [93mPoseNode[0m [92m[Loading] [0m
[2025-02-20 15:17] [92mNode -> IDENode: [93mIDENode[0m [92m[Loading] [0m
[2025-02-20 15:17] [92mNode -> PainterNode: [93mPainterNode[0m [92m[Loading] [0m
[2025-02-20 15:17] [1;35m### [END] ComfyUI AlekPet Nodes ###[0m
[2025-02-20 15:17] [34mFizzleDorf Custom Nodes: [92mLoaded[0m
[2025-02-20 15:17] [36mEfficiency Nodes:[0m Attempting to add Control Net options to the 'HiRes-Fix Script' Node (comfyui_controlnet_aux add-on)...[92mSuccess![0m
[2025-02-20 15:17] Patching UNetModel.forward
[2025-02-20 15:17] UNetModel.forward has been successfully patched.
[2025-02-20 15:17] [1;32m[Power Noise Suite]: 🦚🦚🦚 [93m[3mwark![0m 🦚🦚🦚
[2025-02-20 15:17] [1;32m[Power Noise Suite]:[0m Tamed [93m11[0m wild nodes.
[2025-02-20 15:17] 
[2025-02-20 15:17] [92m[rgthree] Loaded 42 extraordinary nodes.[00m
[2025-02-20 15:17] [33m[rgthree] NOTE: Will NOT use rgthree's optimized recursive execution as ComfyUI has changed.[00m
[2025-02-20 15:17] 
[2025-02-20 15:17] 
Import times for custom nodes:
[2025-02-20 15:17]    0.0 seconds: C:\001-code\001-gcai\custom_nodes\websocket_image_save.py
[2025-02-20 15:17]    0.0 seconds: C:\001-code\001-gcai\custom_nodes\AIGODLIKE-ComfyUI-Translation
[2025-02-20 15:17]    0.0 seconds: C:\001-code\001-gcai\custom_nodes\ControlNet-LLLite-ComfyUI
[2025-02-20 15:17]    0.0 seconds: C:\001-code\001-gcai\custom_nodes\FreeU_Advanced
[2025-02-20 15:17]    0.0 seconds: C:\001-code\001-gcai\custom_nodes\stability-ComfyUI-nodes
[2025-02-20 15:17]    0.0 seconds: C:\001-code\001-gcai\custom_nodes\ComfyUI_TiledKSampler
[2025-02-20 15:17]    0.0 seconds: C:\001-code\001-gcai\custom_nodes\ComfyUI_experiments
[2025-02-20 15:17]    0.0 seconds: C:\001-code\001-gcai\custom_nodes\images-grid-comfy-plugin
[2025-02-20 15:17]    0.0 seconds: C:\001-code\001-gcai\custom_nodes\PowerNoiseSuite
[2025-02-20 15:17]    0.0 seconds: C:\001-code\001-gcai\custom_nodes\ComfyUI_UltimateSDUpscale
[2025-02-20 15:17]    0.0 seconds: C:\001-code\001-gcai\custom_nodes\Derfuu_ComfyUI_ModdedNodes
[2025-02-20 15:17]    0.0 seconds: C:\001-code\001-gcai\custom_nodes\ComfyUI-Custom-Scripts
[2025-02-20 15:17]    0.0 seconds: C:\001-code\001-gcai\custom_nodes\ComfyUI_IPAdapter_plus
[2025-02-20 15:17]    0.0 seconds: C:\001-code\001-gcai\custom_nodes\comfyui-workspace-manager
[2025-02-20 15:17]    0.1 seconds: C:\001-code\001-gcai\custom_nodes\rgthree-comfy
[2025-02-20 15:17]    0.1 seconds: C:\001-code\001-gcai\custom_nodes\efficiency-nodes-comfyui
[2025-02-20 15:17]    0.1 seconds: C:\001-code\001-gcai\custom_nodes\ComfyUI-Advanced-ControlNet
[2025-02-20 15:17]    0.1 seconds: C:\001-code\001-gcai\custom_nodes\ComfyUI-KJNodes
[2025-02-20 15:17]    0.1 seconds: C:\001-code\001-gcai\custom_nodes\ComfyUI-Inspire-Pack
[2025-02-20 15:17]    0.1 seconds: C:\001-code\001-gcai\custom_nodes\ComfyUI_Comfyroll_CustomNodes
[2025-02-20 15:17]    0.1 seconds: C:\001-code\001-gcai\custom_nodes\comfyui_controlnet_aux
[2025-02-20 15:17]    0.1 seconds: C:\001-code\001-gcai\custom_nodes\ComfyUI-AnimateDiff-Evolved
[2025-02-20 15:17]    0.1 seconds: C:\001-code\001-gcai\custom_nodes\ComfyUI-Crystools
[2025-02-20 15:17]    0.2 seconds: C:\001-code\001-gcai\custom_nodes\ComfyUI-Marigold
[2025-02-20 15:17]    0.3 seconds: C:\001-code\001-gcai\custom_nodes\ComfyUI_FizzNodes
[2025-02-20 15:17]    0.3 seconds: C:\001-code\001-gcai\custom_nodes\ComfyUI-Manager
[2025-02-20 15:17]    1.5 seconds: C:\001-code\001-gcai\custom_nodes\ComfyUI-Impact-Pack
[2025-02-20 15:17]    2.2 seconds: C:\001-code\001-gcai\custom_nodes\ComfyUI_Custom_Nodes_AlekPet
[2025-02-20 15:17] 
[2025-02-20 15:17] Starting server

[2025-02-20 15:17] ------------------------------------更多AI工具，等待光彩AI更新-----------------------------------
[2025-02-20 15:17] -------------------光彩AI隔离环境【解压即用】、【不限机器】、【不限次数】、【离线运行】--------------
[2025-02-20 15:17] ------免责声明【不得用于任何非法活动。若因使用不当导致的法律责任，由使用者自行承担，与光彩AI无关】-----
[2025-02-20 15:17] ------------------版权声明【软件基于开源项目进行二次开发和优化，版权归光彩AI所有】-------------------
[2025-02-20 15:17] ---若您获取软件渠道不是光彩AI，并遇到需要额外付费的情况。请访问官方网址【www.gucai.ai】获取正版软件----
[2025-02-20 15:17] ----------------------------------------AI 应用服务已启动----------------------------------------
[2025-02-20 15:17] ----------------------------------------AI 应用服务已启动----------------------------------------
[2025-02-20 15:17] FETCH DATA from: C:\001-code\001-gcai\custom_nodes\ComfyUI-Manager\extension-node-map.json [DONE]
[2025-02-20 15:19] FETCH DATA from: C:\001-code\001-gcai\custom_nodes\ComfyUI-Manager\extension-node-map.json [DONE]
[2025-02-20 15:19] got prompt
[2025-02-20 15:19] Using xformers attention in VAE
[2025-02-20 15:19] Using xformers attention in VAE
[2025-02-20 15:19] model weight dtype torch.float8_e4m3fn, manual cast: torch.bfloat16
[2025-02-20 15:19] model_type FLUX
[2025-02-20 15:19] lora key not loaded: lora_te1_text_model_encoder_layers_0_mlp_fc1.alpha
[2025-02-20 15:19] lora key not loaded: lora_te1_text_model_encoder_layers_0_mlp_fc1.lora_down.weight
[2025-02-20 15:19] lora key not loaded: lora_te1_text_model_encoder_layers_0_mlp_fc1.lora_up.weight
[2025-02-20 15:19] lora key not loaded: lora_te1_text_model_encoder_layers_0_mlp_fc2.alpha
[2025-02-20 15:19] lora key not loaded: lora_te1_text_model_encoder_layers_0_mlp_fc2.lora_down.weight
[2025-02-20 15:19] lora key not loaded: lora_te1_text_model_encoder_layers_0_mlp_fc2.lora_up.weight
[2025-02-20 15:19] lora key not loaded: lora_te1_text_model_encoder_layers_0_self_attn_k_proj.alpha
[2025-02-20 15:19] lora key not loaded: lora_te1_text_model_encoder_layers_0_self_attn_k_proj.lora_down.weight
[2025-02-20 15:19] lora key not loaded: lora_te1_text_model_encoder_layers_0_self_attn_k_proj.lora_up.weight
[2025-02-20 15:19] lora key not loaded: lora_te1_text_model_encoder_layers_0_self_attn_out_proj.alpha
[2025-02-20 15:19] lora key not loaded: lora_te1_text_model_encoder_layers_0_self_attn_out_proj.lora_down.weight
[2025-02-20 15:19] lora key not loaded: lora_te1_text_model_encoder_layers_0_self_attn_out_proj.lora_up.weight
[2025-02-20 15:19] lora key not loaded: lora_te1_text_model_encoder_layers_0_self_attn_q_proj.alpha
[2025-02-20 15:19] lora key not loaded: lora_te1_text_model_encoder_layers_0_self_attn_q_proj.lora_down.weight
[2025-02-20 15:19] lora key not loaded: lora_te1_text_model_encoder_layers_0_self_attn_q_proj.lora_up.weight
[2025-02-20 15:19] lora key not loaded: lora_te1_text_model_encoder_layers_0_self_attn_v_proj.alpha
[2025-02-20 15:19] lora key not loaded: lora_te1_text_model_encoder_layers_0_self_attn_v_proj.lora_down.weight
[2025-02-20 15:19] lora key not loaded: lora_te1_text_model_encoder_layers_0_self_attn_v_proj.lora_up.weight
[2025-02-20 15:19] lora key not loaded: lora_te1_text_model_encoder_layers_10_mlp_fc1.alpha
[2025-02-20 15:19] lora key not loaded: lora_te1_text_model_encoder_layers_10_mlp_fc1.lora_down.weight
[2025-02-20 15:19] lora key not loaded: lora_te1_text_model_encoder_layers_10_mlp_fc1.lora_up.weight
[2025-02-20 15:19] lora key not loaded: lora_te1_text_model_encoder_layers_10_mlp_fc2.alpha
[2025-02-20 15:19] lora key not loaded: lora_te1_text_model_encoder_layers_10_mlp_fc2.lora_down.weight
[2025-02-20 15:19] lora key not loaded: lora_te1_text_model_encoder_layers_10_mlp_fc2.lora_up.weight
[2025-02-20 15:19] lora key not loaded: lora_te1_text_model_encoder_layers_10_self_attn_k_proj.alpha
[2025-02-20 15:19] lora key not loaded: lora_te1_text_model_encoder_layers_10_self_attn_k_proj.lora_down.weight
[2025-02-20 15:19] lora key not loaded: lora_te1_text_model_encoder_layers_10_self_attn_k_proj.lora_up.weight
[2025-02-20 15:19] lora key not loaded: lora_te1_text_model_encoder_layers_10_self_attn_out_proj.alpha
[2025-02-20 15:19] lora key not loaded: lora_te1_text_model_encoder_layers_10_self_attn_out_proj.lora_down.weight
[2025-02-20 15:19] lora key not loaded: lora_te1_text_model_encoder_layers_10_self_attn_out_proj.lora_up.weight
[2025-02-20 15:19] lora key not loaded: lora_te1_text_model_encoder_layers_10_self_attn_q_proj.alpha
[2025-02-20 15:19] lora key not loaded: lora_te1_text_model_encoder_layers_10_self_attn_q_proj.lora_down.weight
[2025-02-20 15:19] lora key not loaded: lora_te1_text_model_encoder_layers_10_self_attn_q_proj.lora_up.weight
[2025-02-20 15:19] lora key not loaded: lora_te1_text_model_encoder_layers_10_self_attn_v_proj.alpha
[2025-02-20 15:19] lora key not loaded: lora_te1_text_model_encoder_layers_10_self_attn_v_proj.lora_down.weight
[2025-02-20 15:19] lora key not loaded: lora_te1_text_model_encoder_layers_10_self_attn_v_proj.lora_up.weight
[2025-02-20 15:19] lora key not loaded: lora_te1_text_model_encoder_layers_11_mlp_fc1.alpha
[2025-02-20 15:19] lora key not loaded: lora_te1_text_model_encoder_layers_11_mlp_fc1.lora_down.weight
[2025-02-20 15:19] lora key not loaded: lora_te1_text_model_encoder_layers_11_mlp_fc1.lora_up.weight
[2025-02-20 15:19] lora key not loaded: lora_te1_text_model_encoder_layers_11_mlp_fc2.alpha
[2025-02-20 15:19] lora key not loaded: lora_te1_text_model_encoder_layers_11_mlp_fc2.lora_down.weight
[2025-02-20 15:19] lora key not loaded: lora_te1_text_model_encoder_layers_11_mlp_fc2.lora_up.weight
[2025-02-20 15:19] lora key not loaded: lora_te1_text_model_encoder_layers_11_self_attn_k_proj.alpha
[2025-02-20 15:19] lora key not loaded: lora_te1_text_model_encoder_layers_11_self_attn_k_proj.lora_down.weight
[2025-02-20 15:19] lora key not loaded: lora_te1_text_model_encoder_layers_11_self_attn_k_proj.lora_up.weight
[2025-02-20 15:19] lora key not loaded: lora_te1_text_model_encoder_layers_11_self_attn_out_proj.alpha
[2025-02-20 15:19] lora key not loaded: lora_te1_text_model_encoder_layers_11_self_attn_out_proj.lora_down.weight
[2025-02-20 15:19] lora key not loaded: lora_te1_text_model_encoder_layers_11_self_attn_out_proj.lora_up.weight
[2025-02-20 15:19] lora key not loaded: lora_te1_text_model_encoder_layers_11_self_attn_q_proj.alpha
[2025-02-20 15:19] lora key not loaded: lora_te1_text_model_encoder_layers_11_self_attn_q_proj.lora_down.weight
[2025-02-20 15:19] lora key not loaded: lora_te1_text_model_encoder_layers_11_self_attn_q_proj.lora_up.weight
[2025-02-20 15:19] lora key not loaded: lora_te1_text_model_encoder_layers_11_self_attn_v_proj.alpha
[2025-02-20 15:19] lora key not loaded: lora_te1_text_model_encoder_layers_11_self_attn_v_proj.lora_down.weight
[2025-02-20 15:19] lora key not loaded: lora_te1_text_model_encoder_layers_11_self_attn_v_proj.lora_up.weight
[2025-02-20 15:19] lora key not loaded: lora_te1_text_model_encoder_layers_1_mlp_fc1.alpha
[2025-02-20 15:19] lora key not loaded: lora_te1_text_model_encoder_layers_1_mlp_fc1.lora_down.weight
[2025-02-20 15:19] lora key not loaded: lora_te1_text_model_encoder_layers_1_mlp_fc1.lora_up.weight
[2025-02-20 15:19] lora key not loaded: lora_te1_text_model_encoder_layers_1_mlp_fc2.alpha
[2025-02-20 15:19] lora key not loaded: lora_te1_text_model_encoder_layers_1_mlp_fc2.lora_down.weight
[2025-02-20 15:19] lora key not loaded: lora_te1_text_model_encoder_layers_1_mlp_fc2.lora_up.weight
[2025-02-20 15:19] lora key not loaded: lora_te1_text_model_encoder_layers_1_self_attn_k_proj.alpha
[2025-02-20 15:19] lora key not loaded: lora_te1_text_model_encoder_layers_1_self_attn_k_proj.lora_down.weight
[2025-02-20 15:19] lora key not loaded: lora_te1_text_model_encoder_layers_1_self_attn_k_proj.lora_up.weight
[2025-02-20 15:19] lora key not loaded: lora_te1_text_model_encoder_layers_1_self_attn_out_proj.alpha
[2025-02-20 15:19] lora key not loaded: lora_te1_text_model_encoder_layers_1_self_attn_out_proj.lora_down.weight
[2025-02-20 15:19] lora key not loaded: lora_te1_text_model_encoder_layers_1_self_attn_out_proj.lora_up.weight
[2025-02-20 15:19] lora key not loaded: lora_te1_text_model_encoder_layers_1_self_attn_q_proj.alpha
[2025-02-20 15:19] lora key not loaded: lora_te1_text_model_encoder_layers_1_self_attn_q_proj.lora_down.weight
[2025-02-20 15:19] lora key not loaded: lora_te1_text_model_encoder_layers_1_self_attn_q_proj.lora_up.weight
[2025-02-20 15:19] lora key not loaded: lora_te1_text_model_encoder_layers_1_self_attn_v_proj.alpha
[2025-02-20 15:19] lora key not loaded: lora_te1_text_model_encoder_layers_1_self_attn_v_proj.lora_down.weight
[2025-02-20 15:19] lora key not loaded: lora_te1_text_model_encoder_layers_1_self_attn_v_proj.lora_up.weight
[2025-02-20 15:19] lora key not loaded: lora_te1_text_model_encoder_layers_2_mlp_fc1.alpha
[2025-02-20 15:19] lora key not loaded: lora_te1_text_model_encoder_layers_2_mlp_fc1.lora_down.weight
[2025-02-20 15:19] lora key not loaded: lora_te1_text_model_encoder_layers_2_mlp_fc1.lora_up.weight
[2025-02-20 15:19] lora key not loaded: lora_te1_text_model_encoder_layers_2_mlp_fc2.alpha
[2025-02-20 15:19] lora key not loaded: lora_te1_text_model_encoder_layers_2_mlp_fc2.lora_down.weight
[2025-02-20 15:19] lora key not loaded: lora_te1_text_model_encoder_layers_2_mlp_fc2.lora_up.weight
[2025-02-20 15:19] lora key not loaded: lora_te1_text_model_encoder_layers_2_self_attn_k_proj.alpha
[2025-02-20 15:19] lora key not loaded: lora_te1_text_model_encoder_layers_2_self_attn_k_proj.lora_down.weight
[2025-02-20 15:19] lora key not loaded: lora_te1_text_model_encoder_layers_2_self_attn_k_proj.lora_up.weight
[2025-02-20 15:19] lora key not loaded: lora_te1_text_model_encoder_layers_2_self_attn_out_proj.alpha
[2025-02-20 15:19] lora key not loaded: lora_te1_text_model_encoder_layers_2_self_attn_out_proj.lora_down.weight
[2025-02-20 15:19] lora key not loaded: lora_te1_text_model_encoder_layers_2_self_attn_out_proj.lora_up.weight
[2025-02-20 15:19] lora key not loaded: lora_te1_text_model_encoder_layers_2_self_attn_q_proj.alpha
[2025-02-20 15:19] lora key not loaded: lora_te1_text_model_encoder_layers_2_self_attn_q_proj.lora_down.weight
[2025-02-20 15:19] lora key not loaded: lora_te1_text_model_encoder_layers_2_self_attn_q_proj.lora_up.weight
[2025-02-20 15:19] lora key not loaded: lora_te1_text_model_encoder_layers_2_self_attn_v_proj.alpha
[2025-02-20 15:19] lora key not loaded: lora_te1_text_model_encoder_layers_2_self_attn_v_proj.lora_down.weight
[2025-02-20 15:19] lora key not loaded: lora_te1_text_model_encoder_layers_2_self_attn_v_proj.lora_up.weight
[2025-02-20 15:19] lora key not loaded: lora_te1_text_model_encoder_layers_3_mlp_fc1.alpha
[2025-02-20 15:19] lora key not loaded: lora_te1_text_model_encoder_layers_3_mlp_fc1.lora_down.weight
[2025-02-20 15:19] lora key not loaded: lora_te1_text_model_encoder_layers_3_mlp_fc1.lora_up.weight
[2025-02-20 15:19] lora key not loaded: lora_te1_text_model_encoder_layers_3_mlp_fc2.alpha
[2025-02-20 15:19] lora key not loaded: lora_te1_text_model_encoder_layers_3_mlp_fc2.lora_down.weight
[2025-02-20 15:19] lora key not loaded: lora_te1_text_model_encoder_layers_3_mlp_fc2.lora_up.weight
[2025-02-20 15:19] lora key not loaded: lora_te1_text_model_encoder_layers_3_self_attn_k_proj.alpha
[2025-02-20 15:19] lora key not loaded: lora_te1_text_model_encoder_layers_3_self_attn_k_proj.lora_down.weight
[2025-02-20 15:19] lora key not loaded: lora_te1_text_model_encoder_layers_3_self_attn_k_proj.lora_up.weight
[2025-02-20 15:19] lora key not loaded: lora_te1_text_model_encoder_layers_3_self_attn_out_proj.alpha
[2025-02-20 15:19] lora key not loaded: lora_te1_text_model_encoder_layers_3_self_attn_out_proj.lora_down.weight
[2025-02-20 15:19] lora key not loaded: lora_te1_text_model_encoder_layers_3_self_attn_out_proj.lora_up.weight
[2025-02-20 15:19] lora key not loaded: lora_te1_text_model_encoder_layers_3_self_attn_q_proj.alpha
[2025-02-20 15:19] lora key not loaded: lora_te1_text_model_encoder_layers_3_self_attn_q_proj.lora_down.weight
[2025-02-20 15:19] lora key not loaded: lora_te1_text_model_encoder_layers_3_self_attn_q_proj.lora_up.weight
[2025-02-20 15:19] lora key not loaded: lora_te1_text_model_encoder_layers_3_self_attn_v_proj.alpha
[2025-02-20 15:19] lora key not loaded: lora_te1_text_model_encoder_layers_3_self_attn_v_proj.lora_down.weight
[2025-02-20 15:19] lora key not loaded: lora_te1_text_model_encoder_layers_3_self_attn_v_proj.lora_up.weight
[2025-02-20 15:19] lora key not loaded: lora_te1_text_model_encoder_layers_4_mlp_fc1.alpha
[2025-02-20 15:19] lora key not loaded: lora_te1_text_model_encoder_layers_4_mlp_fc1.lora_down.weight
[2025-02-20 15:19] lora key not loaded: lora_te1_text_model_encoder_layers_4_mlp_fc1.lora_up.weight
[2025-02-20 15:19] lora key not loaded: lora_te1_text_model_encoder_layers_4_mlp_fc2.alpha
[2025-02-20 15:19] lora key not loaded: lora_te1_text_model_encoder_layers_4_mlp_fc2.lora_down.weight
[2025-02-20 15:19] lora key not loaded: lora_te1_text_model_encoder_layers_4_mlp_fc2.lora_up.weight
[2025-02-20 15:19] lora key not loaded: lora_te1_text_model_encoder_layers_4_self_attn_k_proj.alpha
[2025-02-20 15:19] lora key not loaded: lora_te1_text_model_encoder_layers_4_self_attn_k_proj.lora_down.weight
[2025-02-20 15:19] lora key not loaded: lora_te1_text_model_encoder_layers_4_self_attn_k_proj.lora_up.weight
[2025-02-20 15:19] lora key not loaded: lora_te1_text_model_encoder_layers_4_self_attn_out_proj.alpha
[2025-02-20 15:19] lora key not loaded: lora_te1_text_model_encoder_layers_4_self_attn_out_proj.lora_down.weight
[2025-02-20 15:19] lora key not loaded: lora_te1_text_model_encoder_layers_4_self_attn_out_proj.lora_up.weight
[2025-02-20 15:19] lora key not loaded: lora_te1_text_model_encoder_layers_4_self_attn_q_proj.alpha
[2025-02-20 15:19] lora key not loaded: lora_te1_text_model_encoder_layers_4_self_attn_q_proj.lora_down.weight
[2025-02-20 15:19] lora key not loaded: lora_te1_text_model_encoder_layers_4_self_attn_q_proj.lora_up.weight
[2025-02-20 15:19] lora key not loaded: lora_te1_text_model_encoder_layers_4_self_attn_v_proj.alpha
[2025-02-20 15:19] lora key not loaded: lora_te1_text_model_encoder_layers_4_self_attn_v_proj.lora_down.weight
[2025-02-20 15:19] lora key not loaded: lora_te1_text_model_encoder_layers_4_self_attn_v_proj.lora_up.weight
[2025-02-20 15:19] lora key not loaded: lora_te1_text_model_encoder_layers_5_mlp_fc1.alpha
[2025-02-20 15:19] lora key not loaded: lora_te1_text_model_encoder_layers_5_mlp_fc1.lora_down.weight
[2025-02-20 15:19] lora key not loaded: lora_te1_text_model_encoder_layers_5_mlp_fc1.lora_up.weight
[2025-02-20 15:19] lora key not loaded: lora_te1_text_model_encoder_layers_5_mlp_fc2.alpha
[2025-02-20 15:19] lora key not loaded: lora_te1_text_model_encoder_layers_5_mlp_fc2.lora_down.weight
[2025-02-20 15:19] lora key not loaded: lora_te1_text_model_encoder_layers_5_mlp_fc2.lora_up.weight
[2025-02-20 15:19] lora key not loaded: lora_te1_text_model_encoder_layers_5_self_attn_k_proj.alpha
[2025-02-20 15:19] lora key not loaded: lora_te1_text_model_encoder_layers_5_self_attn_k_proj.lora_down.weight
[2025-02-20 15:19] lora key not loaded: lora_te1_text_model_encoder_layers_5_self_attn_k_proj.lora_up.weight
[2025-02-20 15:19] lora key not loaded: lora_te1_text_model_encoder_layers_5_self_attn_out_proj.alpha
[2025-02-20 15:19] lora key not loaded: lora_te1_text_model_encoder_layers_5_self_attn_out_proj.lora_down.weight
[2025-02-20 15:19] lora key not loaded: lora_te1_text_model_encoder_layers_5_self_attn_out_proj.lora_up.weight
[2025-02-20 15:19] lora key not loaded: lora_te1_text_model_encoder_layers_5_self_attn_q_proj.alpha
[2025-02-20 15:19] lora key not loaded: lora_te1_text_model_encoder_layers_5_self_attn_q_proj.lora_down.weight
[2025-02-20 15:19] lora key not loaded: lora_te1_text_model_encoder_layers_5_self_attn_q_proj.lora_up.weight
[2025-02-20 15:19] lora key not loaded: lora_te1_text_model_encoder_layers_5_self_attn_v_proj.alpha
[2025-02-20 15:19] lora key not loaded: lora_te1_text_model_encoder_layers_5_self_attn_v_proj.lora_down.weight
[2025-02-20 15:19] lora key not loaded: lora_te1_text_model_encoder_layers_5_self_attn_v_proj.lora_up.weight
[2025-02-20 15:20] lora key not loaded: lora_te1_text_model_encoder_layers_6_mlp_fc1.alpha
[2025-02-20 15:20] lora key not loaded: lora_te1_text_model_encoder_layers_6_mlp_fc1.lora_down.weight
[2025-02-20 15:20] lora key not loaded: lora_te1_text_model_encoder_layers_6_mlp_fc1.lora_up.weight
[2025-02-20 15:20] lora key not loaded: lora_te1_text_model_encoder_layers_6_mlp_fc2.alpha
[2025-02-20 15:20] lora key not loaded: lora_te1_text_model_encoder_layers_6_mlp_fc2.lora_down.weight
[2025-02-20 15:20] lora key not loaded: lora_te1_text_model_encoder_layers_6_mlp_fc2.lora_up.weight
[2025-02-20 15:20] lora key not loaded: lora_te1_text_model_encoder_layers_6_self_attn_k_proj.alpha
[2025-02-20 15:20] lora key not loaded: lora_te1_text_model_encoder_layers_6_self_attn_k_proj.lora_down.weight
[2025-02-20 15:20] lora key not loaded: lora_te1_text_model_encoder_layers_6_self_attn_k_proj.lora_up.weight
[2025-02-20 15:20] lora key not loaded: lora_te1_text_model_encoder_layers_6_self_attn_out_proj.alpha
[2025-02-20 15:20] lora key not loaded: lora_te1_text_model_encoder_layers_6_self_attn_out_proj.lora_down.weight
[2025-02-20 15:20] lora key not loaded: lora_te1_text_model_encoder_layers_6_self_attn_out_proj.lora_up.weight
[2025-02-20 15:20] lora key not loaded: lora_te1_text_model_encoder_layers_6_self_attn_q_proj.alpha
[2025-02-20 15:20] lora key not loaded: lora_te1_text_model_encoder_layers_6_self_attn_q_proj.lora_down.weight
[2025-02-20 15:20] lora key not loaded: lora_te1_text_model_encoder_layers_6_self_attn_q_proj.lora_up.weight
[2025-02-20 15:20] lora key not loaded: lora_te1_text_model_encoder_layers_6_self_attn_v_proj.alpha
[2025-02-20 15:20] lora key not loaded: lora_te1_text_model_encoder_layers_6_self_attn_v_proj.lora_down.weight
[2025-02-20 15:20] lora key not loaded: lora_te1_text_model_encoder_layers_6_self_attn_v_proj.lora_up.weight
[2025-02-20 15:20] lora key not loaded: lora_te1_text_model_encoder_layers_7_mlp_fc1.alpha
[2025-02-20 15:20] lora key not loaded: lora_te1_text_model_encoder_layers_7_mlp_fc1.lora_down.weight
[2025-02-20 15:20] lora key not loaded: lora_te1_text_model_encoder_layers_7_mlp_fc1.lora_up.weight
[2025-02-20 15:20] lora key not loaded: lora_te1_text_model_encoder_layers_7_mlp_fc2.alpha
[2025-02-20 15:20] lora key not loaded: lora_te1_text_model_encoder_layers_7_mlp_fc2.lora_down.weight
[2025-02-20 15:20] lora key not loaded: lora_te1_text_model_encoder_layers_7_mlp_fc2.lora_up.weight
[2025-02-20 15:20] lora key not loaded: lora_te1_text_model_encoder_layers_7_self_attn_k_proj.alpha
[2025-02-20 15:20] lora key not loaded: lora_te1_text_model_encoder_layers_7_self_attn_k_proj.lora_down.weight
[2025-02-20 15:20] lora key not loaded: lora_te1_text_model_encoder_layers_7_self_attn_k_proj.lora_up.weight
[2025-02-20 15:20] lora key not loaded: lora_te1_text_model_encoder_layers_7_self_attn_out_proj.alpha
[2025-02-20 15:20] lora key not loaded: lora_te1_text_model_encoder_layers_7_self_attn_out_proj.lora_down.weight
[2025-02-20 15:20] lora key not loaded: lora_te1_text_model_encoder_layers_7_self_attn_out_proj.lora_up.weight
[2025-02-20 15:20] lora key not loaded: lora_te1_text_model_encoder_layers_7_self_attn_q_proj.alpha
[2025-02-20 15:20] lora key not loaded: lora_te1_text_model_encoder_layers_7_self_attn_q_proj.lora_down.weight
[2025-02-20 15:20] lora key not loaded: lora_te1_text_model_encoder_layers_7_self_attn_q_proj.lora_up.weight
[2025-02-20 15:20] lora key not loaded: lora_te1_text_model_encoder_layers_7_self_attn_v_proj.alpha
[2025-02-20 15:20] lora key not loaded: lora_te1_text_model_encoder_layers_7_self_attn_v_proj.lora_down.weight
[2025-02-20 15:20] lora key not loaded: lora_te1_text_model_encoder_layers_7_self_attn_v_proj.lora_up.weight
[2025-02-20 15:20] lora key not loaded: lora_te1_text_model_encoder_layers_8_mlp_fc1.alpha
[2025-02-20 15:20] lora key not loaded: lora_te1_text_model_encoder_layers_8_mlp_fc1.lora_down.weight
[2025-02-20 15:20] lora key not loaded: lora_te1_text_model_encoder_layers_8_mlp_fc1.lora_up.weight
[2025-02-20 15:20] lora key not loaded: lora_te1_text_model_encoder_layers_8_mlp_fc2.alpha
[2025-02-20 15:20] lora key not loaded: lora_te1_text_model_encoder_layers_8_mlp_fc2.lora_down.weight
[2025-02-20 15:20] lora key not loaded: lora_te1_text_model_encoder_layers_8_mlp_fc2.lora_up.weight
[2025-02-20 15:20] lora key not loaded: lora_te1_text_model_encoder_layers_8_self_attn_k_proj.alpha
[2025-02-20 15:20] lora key not loaded: lora_te1_text_model_encoder_layers_8_self_attn_k_proj.lora_down.weight
[2025-02-20 15:20] lora key not loaded: lora_te1_text_model_encoder_layers_8_self_attn_k_proj.lora_up.weight
[2025-02-20 15:20] lora key not loaded: lora_te1_text_model_encoder_layers_8_self_attn_out_proj.alpha
[2025-02-20 15:20] lora key not loaded: lora_te1_text_model_encoder_layers_8_self_attn_out_proj.lora_down.weight
[2025-02-20 15:20] lora key not loaded: lora_te1_text_model_encoder_layers_8_self_attn_out_proj.lora_up.weight
[2025-02-20 15:20] lora key not loaded: lora_te1_text_model_encoder_layers_8_self_attn_q_proj.alpha
[2025-02-20 15:20] lora key not loaded: lora_te1_text_model_encoder_layers_8_self_attn_q_proj.lora_down.weight
[2025-02-20 15:20] lora key not loaded: lora_te1_text_model_encoder_layers_8_self_attn_q_proj.lora_up.weight
[2025-02-20 15:20] lora key not loaded: lora_te1_text_model_encoder_layers_8_self_attn_v_proj.alpha
[2025-02-20 15:20] lora key not loaded: lora_te1_text_model_encoder_layers_8_self_attn_v_proj.lora_down.weight
[2025-02-20 15:20] lora key not loaded: lora_te1_text_model_encoder_layers_8_self_attn_v_proj.lora_up.weight
[2025-02-20 15:20] lora key not loaded: lora_te1_text_model_encoder_layers_9_mlp_fc1.alpha
[2025-02-20 15:20] lora key not loaded: lora_te1_text_model_encoder_layers_9_mlp_fc1.lora_down.weight
[2025-02-20 15:20] lora key not loaded: lora_te1_text_model_encoder_layers_9_mlp_fc1.lora_up.weight
[2025-02-20 15:20] lora key not loaded: lora_te1_text_model_encoder_layers_9_mlp_fc2.alpha
[2025-02-20 15:20] lora key not loaded: lora_te1_text_model_encoder_layers_9_mlp_fc2.lora_down.weight
[2025-02-20 15:20] lora key not loaded: lora_te1_text_model_encoder_layers_9_mlp_fc2.lora_up.weight
[2025-02-20 15:20] lora key not loaded: lora_te1_text_model_encoder_layers_9_self_attn_k_proj.alpha
[2025-02-20 15:20] lora key not loaded: lora_te1_text_model_encoder_layers_9_self_attn_k_proj.lora_down.weight
[2025-02-20 15:20] lora key not loaded: lora_te1_text_model_encoder_layers_9_self_attn_k_proj.lora_up.weight
[2025-02-20 15:20] lora key not loaded: lora_te1_text_model_encoder_layers_9_self_attn_out_proj.alpha
[2025-02-20 15:20] lora key not loaded: lora_te1_text_model_encoder_layers_9_self_attn_out_proj.lora_down.weight
[2025-02-20 15:20] lora key not loaded: lora_te1_text_model_encoder_layers_9_self_attn_out_proj.lora_up.weight
[2025-02-20 15:20] lora key not loaded: lora_te1_text_model_encoder_layers_9_self_attn_q_proj.alpha
[2025-02-20 15:20] lora key not loaded: lora_te1_text_model_encoder_layers_9_self_attn_q_proj.lora_down.weight
[2025-02-20 15:20] lora key not loaded: lora_te1_text_model_encoder_layers_9_self_attn_q_proj.lora_up.weight
[2025-02-20 15:20] lora key not loaded: lora_te1_text_model_encoder_layers_9_self_attn_v_proj.alpha
[2025-02-20 15:20] lora key not loaded: lora_te1_text_model_encoder_layers_9_self_attn_v_proj.lora_down.weight
[2025-02-20 15:20] lora key not loaded: lora_te1_text_model_encoder_layers_9_self_attn_v_proj.lora_up.weight
[2025-02-20 15:20] Requested to load FluxClipModel_
[2025-02-20 15:20] Loading 1 new model
[2025-02-20 15:20] loaded completely 0.0 4777.53759765625 True
[2025-02-20 15:20] clip missing: ['text_projection.weight']
[2025-02-20 15:20] C:\001-code\001-gcai\comfy\ldm\modules\attention.py:407: UserWarning: 1Torch was not compiled with flash attention. (Triggered internally at ..\aten\src\ATen\native\transformers\cuda\sdp_utils.cpp:455.)
  out = torch.nn.functional.scaled_dot_product_attention(q, k, v, attn_mask=mask, dropout_p=0.0, is_causal=False)
[2025-02-20 15:20] Requested to load Flux
[2025-02-20 15:20] Loading 1 new model
[2025-02-20 15:20] loaded completely 0.0 11350.048889160156 True
[2025-02-20 15:20] 100%|██████████| 20/20 [00:16<00:00,  1.25it/s]100%|██████████| 20/20 [00:16<00:00,  1.24it/s]
[2025-02-20 15:20] Requested to load AutoencodingEngine
[2025-02-20 15:20] Loading 1 new model
[2025-02-20 15:20] loaded completely 0.0 159.87335777282715 True
[2025-02-20 15:20] Prompt executed in 65.77 seconds
[2025-02-20 15:22] got prompt
[2025-02-20 15:22] Requested to load Flux
[2025-02-20 15:22] Loading 1 new model
[2025-02-20 15:23] loaded completely 0.0 11350.048889160156 True
[2025-02-20 15:23] 100%|██████████| 20/20 [00:15<00:00,  1.26it/s]100%|██████████| 20/20 [00:15<00:00,  1.31it/s]
[2025-02-20 15:23] Prompt executed in 28.24 seconds
[2025-02-20 15:24] got prompt
[2025-02-20 15:24] Requested to load Flux
[2025-02-20 15:24] Loading 1 new model
[2025-02-20 15:24] loaded completely 0.0 11350.048889160156 True
[2025-02-20 15:25] 100%|██████████| 20/20 [00:15<00:00,  1.24it/s]100%|██████████| 20/20 [00:15<00:00,  1.31it/s]
[2025-02-20 15:25] Prompt executed in 28.72 seconds
